[0.013s][info][gc,init] CardTable entry size: 512
[0.013s][info][gc     ] Using G1
[0.016s][info][gc,init] Version: 21.0.8+9-LTS (release)
[0.016s][info][gc,init] CPUs: 16 total, 16 available
[0.016s][info][gc,init] Memory: 16082M
[0.016s][info][gc,init] Large Page Support: Disabled
[0.016s][info][gc,init] NUMA Support: Disabled
[0.016s][info][gc,init] Compressed Oops: Enabled (32-bit)
[0.016s][info][gc,init] Heap Region Size: 1M
[0.016s][info][gc,init] Heap Min Capacity: 512M
[0.016s][info][gc,init] Heap Initial Capacity: 512M
[0.016s][info][gc,init] Heap Max Capacity: 2G
[0.016s][info][gc,init] Pre-touch: Disabled
[0.016s][info][gc,init] Parallel Workers: 13
[0.016s][info][gc,init] Concurrent Workers: 3
[0.016s][info][gc,init] Concurrent Refinement Workers: 13
[0.062s][info][gc,init] Periodic GC: Disabled
[0.078s][info][gc,metaspace] CDS archive(s) mapped at: [0x0000023fdb000000-0x0000023fdbc80000-0x0000023fdbc80000), size 13107200, SharedBaseAddress: 0x0000023fdb000000, ArchiveRelocationMode: 1.
[0.078s][info][gc,metaspace] Compressed class space mapped at: 0x0000023fdc000000-0x000002401c000000, reserved size: 1073741824
[0.078s][info][gc,metaspace] Narrow klass base: 0x0000023fdb000000, Narrow klass shift: 0, Narrow klass range: 0x100000000
[0.872s][info][gc,start    ] GC(0) Pause Young (Normal) (G1 Evacuation Pause)
[0.873s][info][gc,task     ] GC(0) Using 12 workers of 13 for evacuation
[0.878s][info][gc,phases   ] GC(0)   Pre Evacuate Collection Set: 0.1ms
[0.878s][info][gc,phases   ] GC(0)   Merge Heap Roots: 0.2ms
[0.878s][info][gc,phases   ] GC(0)   Evacuate Collection Set: 3.7ms
[0.878s][info][gc,phases   ] GC(0)   Post Evacuate Collection Set: 0.7ms
[0.878s][info][gc,phases   ] GC(0)   Other: 0.6ms
[0.878s][info][gc,heap     ] GC(0) Eden regions: 25->0(27)
[0.878s][info][gc,heap     ] GC(0) Survivor regions: 0->4(4)
[0.878s][info][gc,heap     ] GC(0) Old regions: 0->3
[0.878s][info][gc,heap     ] GC(0) Humongous regions: 1->1
[0.878s][info][gc,metaspace] GC(0) Metaspace: 14219K(14464K)->14219K(14464K) NonClass: 12512K(12672K)->12512K(12672K) Class: 1707K(1792K)->1707K(1792K)
[0.878s][info][gc          ] GC(0) Pause Young (Normal) (G1 Evacuation Pause) 26M->7M(512M) 5.611ms
[0.878s][info][gc,cpu      ] GC(0) User=0.08s Sys=0.12s Real=0.00s
[1.453s][info][gc,start    ] GC(1) Pause Young (Concurrent Start) (Metadata GC Threshold)
[1.453s][info][gc,task     ] GC(1) Using 12 workers of 13 for evacuation
[1.457s][info][gc,phases   ] GC(1)   Pre Evacuate Collection Set: 0.4ms
[1.457s][info][gc,phases   ] GC(1)   Merge Heap Roots: 0.2ms
[1.457s][info][gc,phases   ] GC(1)   Evacuate Collection Set: 3.2ms
[1.457s][info][gc,phases   ] GC(1)   Post Evacuate Collection Set: 0.6ms
[1.457s][info][gc,phases   ] GC(1)   Other: 0.1ms
[1.457s][info][gc,heap     ] GC(1) Eden regions: 23->0(53)
[1.457s][info][gc,heap     ] GC(1) Survivor regions: 4->2(4)
[1.457s][info][gc,heap     ] GC(1) Old regions: 3->8
[1.457s][info][gc,heap     ] GC(1) Humongous regions: 1->1
[1.457s][info][gc,metaspace] GC(1) Metaspace: 21202K(21504K)->21202K(21504K) NonClass: 18683K(18816K)->18683K(18816K) Class: 2519K(2688K)->2519K(2688K)
[1.457s][info][gc          ] GC(1) Pause Young (Concurrent Start) (Metadata GC Threshold) 29M->9M(512M) 4.814ms
[1.457s][info][gc,cpu      ] GC(1) User=0.16s Sys=0.02s Real=0.01s
[1.457s][info][gc          ] GC(2) Concurrent Mark Cycle
[1.458s][info][gc,marking  ] GC(2) Concurrent Scan Root Regions
[1.459s][info][gc,marking  ] GC(2) Concurrent Scan Root Regions 1.142ms
[1.459s][info][gc,marking  ] GC(2) Concurrent Mark
[1.459s][info][gc,marking  ] GC(2) Concurrent Mark From Roots
[1.459s][info][gc,task     ] GC(2) Using 3 workers of 3 for marking
[1.460s][info][gc,marking  ] GC(2) Concurrent Mark From Roots 1.090ms
[1.460s][info][gc,marking  ] GC(2) Concurrent Preclean
[1.460s][info][gc,marking  ] GC(2) Concurrent Preclean 0.034ms
[1.460s][info][gc,start    ] GC(2) Pause Remark
[1.461s][info][gc          ] GC(2) Pause Remark 10M->10M(512M) 1.437ms
[1.462s][info][gc,cpu      ] GC(2) User=0.00s Sys=0.00s Real=0.00s
[1.462s][info][gc,marking  ] GC(2) Concurrent Mark 2.940ms
[1.462s][info][gc,marking  ] GC(2) Concurrent Rebuild Remembered Sets and Scrub Regions
[1.463s][info][gc,marking  ] GC(2) Concurrent Rebuild Remembered Sets and Scrub Regions 1.549ms
[1.463s][info][gc,start    ] GC(2) Pause Cleanup
[1.463s][info][gc          ] GC(2) Pause Cleanup 10M->10M(512M) 0.156ms
[1.463s][info][gc,cpu      ] GC(2) User=0.00s Sys=0.00s Real=0.00s
[1.464s][info][gc,marking  ] GC(2) Concurrent Clear Claimed Marks
[1.464s][info][gc,marking  ] GC(2) Concurrent Clear Claimed Marks 0.037ms
[1.464s][info][gc,marking  ] GC(2) Concurrent Cleanup for Next Mark
[1.465s][info][gc,marking  ] GC(2) Concurrent Cleanup for Next Mark 1.810ms
[1.465s][info][gc          ] GC(2) Concurrent Mark Cycle 7.975ms
[3.309s][info][gc,start    ] GC(3) Pause Young (Normal) (G1 Evacuation Pause)
[3.310s][info][gc,task     ] GC(3) Using 12 workers of 13 for evacuation
[3.318s][info][gc,phases   ] GC(3)   Pre Evacuate Collection Set: 0.3ms
[3.318s][info][gc,phases   ] GC(3)   Merge Heap Roots: 0.1ms
[3.318s][info][gc,phases   ] GC(3)   Evacuate Collection Set: 6.2ms
[3.318s][info][gc,phases   ] GC(3)   Post Evacuate Collection Set: 1.5ms
[3.318s][info][gc,phases   ] GC(3)   Other: 0.2ms
[3.318s][info][gc,heap     ] GC(3) Eden regions: 56->0(212)
[3.318s][info][gc,heap     ] GC(3) Survivor regions: 2->7(8)
[3.318s][info][gc,heap     ] GC(3) Old regions: 8->8
[3.318s][info][gc,heap     ] GC(3) Humongous regions: 1->1
[3.318s][info][gc,metaspace] GC(3) Metaspace: 33463K(33792K)->33463K(33792K) NonClass: 29340K(29504K)->29340K(29504K) Class: 4123K(4288K)->4123K(4288K)
[3.318s][info][gc          ] GC(3) Pause Young (Normal) (G1 Evacuation Pause) 65M->14M(512M) 8.600ms
[3.318s][info][gc,cpu      ] GC(3) User=0.17s Sys=0.06s Real=0.01s
[3.790s][info][gc,start    ] GC(4) Pause Young (Concurrent Start) (Metadata GC Threshold)
[3.790s][info][gc,task     ] GC(4) Using 12 workers of 13 for evacuation
[3.801s][info][gc,phases   ] GC(4)   Pre Evacuate Collection Set: 0.7ms
[3.801s][info][gc,phases   ] GC(4)   Merge Heap Roots: 0.2ms
[3.801s][info][gc,phases   ] GC(4)   Evacuate Collection Set: 7.6ms
[3.801s][info][gc,phases   ] GC(4)   Post Evacuate Collection Set: 1.9ms
[3.801s][info][gc,phases   ] GC(4)   Other: 0.3ms
[3.801s][info][gc,heap     ] GC(4) Eden regions: 10->0(298)
[3.801s][info][gc,heap     ] GC(4) Survivor regions: 7->9(30)
[3.801s][info][gc,heap     ] GC(4) Old regions: 8->8
[3.801s][info][gc,heap     ] GC(4) Humongous regions: 1->1
[3.802s][info][gc,metaspace] GC(4) Metaspace: 35647K(35968K)->35647K(35968K) NonClass: 31308K(31488K)->31308K(31488K) Class: 4338K(4480K)->4338K(4480K)
[3.802s][info][gc          ] GC(4) Pause Young (Concurrent Start) (Metadata GC Threshold) 24M->16M(512M) 11.518ms
[3.802s][info][gc,cpu      ] GC(4) User=0.11s Sys=0.11s Real=0.01s
[3.802s][info][gc          ] GC(5) Concurrent Mark Cycle
[3.802s][info][gc,marking  ] GC(5) Concurrent Scan Root Regions
[3.808s][info][gc,marking  ] GC(5) Concurrent Scan Root Regions 6.626ms
[3.809s][info][gc,marking  ] GC(5) Concurrent Mark
[3.809s][info][gc,marking  ] GC(5) Concurrent Mark From Roots
[3.809s][info][gc,task     ] GC(5) Using 3 workers of 3 for marking
[3.819s][info][gc,marking  ] GC(5) Concurrent Mark From Roots 9.942ms
[3.819s][info][gc,marking  ] GC(5) Concurrent Preclean
[3.819s][info][gc,marking  ] GC(5) Concurrent Preclean 0.068ms
[3.819s][info][gc,start    ] GC(5) Pause Remark
[3.827s][info][gc          ] GC(5) Pause Remark 17M->17M(512M) 7.401ms
[3.827s][info][gc,cpu      ] GC(5) User=0.00s Sys=0.00s Real=0.01s
[3.827s][info][gc,marking  ] GC(5) Concurrent Mark 18.869ms
[3.828s][info][gc,marking  ] GC(5) Concurrent Rebuild Remembered Sets and Scrub Regions
[3.832s][info][gc,marking  ] GC(5) Concurrent Rebuild Remembered Sets and Scrub Regions 4.384ms
[3.832s][info][gc,start    ] GC(5) Pause Cleanup
[3.833s][info][gc          ] GC(5) Pause Cleanup 17M->17M(512M) 0.524ms
[3.833s][info][gc,cpu      ] GC(5) User=0.00s Sys=0.00s Real=0.00s
[3.833s][info][gc,marking  ] GC(5) Concurrent Clear Claimed Marks
[3.833s][info][gc,marking  ] GC(5) Concurrent Clear Claimed Marks 0.135ms
[3.833s][info][gc,marking  ] GC(5) Concurrent Cleanup for Next Mark
[3.835s][info][gc,marking  ] GC(5) Concurrent Cleanup for Next Mark 1.421ms
[3.835s][info][gc          ] GC(5) Concurrent Mark Cycle 33.189ms
[58.578s][info][gc,start    ] GC(6) Pause Young (Concurrent Start) (Metadata GC Threshold)
[58.578s][info][gc,task     ] GC(6) Using 12 workers of 13 for evacuation
[58.589s][info][gc,phases   ] GC(6)   Pre Evacuate Collection Set: 0.3ms
[58.589s][info][gc,phases   ] GC(6)   Merge Heap Roots: 0.2ms
[58.589s][info][gc,phases   ] GC(6)   Evacuate Collection Set: 8.7ms
[58.589s][info][gc,phases   ] GC(6)   Post Evacuate Collection Set: 1.5ms
[58.589s][info][gc,phases   ] GC(6)   Other: 0.1ms
[58.589s][info][gc,heap     ] GC(6) Eden regions: 173->0(288)
[58.589s][info][gc,heap     ] GC(6) Survivor regions: 9->19(39)
[58.589s][info][gc,heap     ] GC(6) Old regions: 8->8
[58.589s][info][gc,heap     ] GC(6) Humongous regions: 18->18
[58.589s][info][gc,metaspace] GC(6) Metaspace: 60081K(60480K)->60081K(60480K) NonClass: 52894K(53120K)->52894K(53120K) Class: 7187K(7360K)->7187K(7360K)
[58.589s][info][gc          ] GC(6) Pause Young (Concurrent Start) (Metadata GC Threshold) 205M->43M(512M) 11.075ms
[58.589s][info][gc          ] GC(7) Concurrent Mark Cycle
[58.589s][info][gc,cpu      ] GC(6) User=0.02s Sys=0.02s Real=0.02s
[58.589s][info][gc,marking  ] GC(7) Concurrent Scan Root Regions
[58.593s][info][gc,marking  ] GC(7) Concurrent Scan Root Regions 4.289ms
[58.593s][info][gc,marking  ] GC(7) Concurrent Mark
[58.593s][info][gc,marking  ] GC(7) Concurrent Mark From Roots
[58.593s][info][gc,task     ] GC(7) Using 3 workers of 3 for marking
[58.596s][info][gc,marking  ] GC(7) Concurrent Mark From Roots 2.673ms
[58.596s][info][gc,marking  ] GC(7) Concurrent Preclean
[58.596s][info][gc,marking  ] GC(7) Concurrent Preclean 0.021ms
[58.596s][info][gc,start    ] GC(7) Pause Remark
[58.603s][info][gc          ] GC(7) Pause Remark 45M->45M(512M) 6.799ms
[58.603s][info][gc,cpu      ] GC(7) User=0.00s Sys=0.00s Real=0.01s
[58.603s][info][gc,marking  ] GC(7) Concurrent Mark 9.777ms
[58.603s][info][gc,marking  ] GC(7) Concurrent Rebuild Remembered Sets and Scrub Regions
[58.605s][info][gc,marking  ] GC(7) Concurrent Rebuild Remembered Sets and Scrub Regions 1.624ms
[58.605s][info][gc,start    ] GC(7) Pause Cleanup
[58.605s][info][gc          ] GC(7) Pause Cleanup 45M->45M(512M) 0.301ms
[58.605s][info][gc,cpu      ] GC(7) User=0.00s Sys=0.00s Real=0.00s
[58.605s][info][gc,marking  ] GC(7) Concurrent Clear Claimed Marks
[58.605s][info][gc,marking  ] GC(7) Concurrent Clear Claimed Marks 0.045ms
[58.605s][info][gc,marking  ] GC(7) Concurrent Cleanup for Next Mark
[58.606s][info][gc,marking  ] GC(7) Concurrent Cleanup for Next Mark 1.123ms
[58.606s][info][gc          ] GC(7) Concurrent Mark Cycle 17.527ms
[134.136s][info][gc,start    ] GC(8) Pause Young (Normal) (G1 Evacuation Pause)
[134.136s][info][gc,task     ] GC(8) Using 12 workers of 13 for evacuation
[134.150s][info][gc,phases   ] GC(8)   Pre Evacuate Collection Set: 0.5ms
[134.150s][info][gc,phases   ] GC(8)   Merge Heap Roots: 0.3ms
[134.150s][info][gc,phases   ] GC(8)   Evacuate Collection Set: 11.4ms
[134.150s][info][gc,phases   ] GC(8)   Post Evacuate Collection Set: 1.8ms
[134.150s][info][gc,phases   ] GC(8)   Other: 0.2ms
[134.150s][info][gc,heap     ] GC(8) Eden regions: 288->0(278)
[134.150s][info][gc,heap     ] GC(8) Survivor regions: 19->29(39)
[134.150s][info][gc,heap     ] GC(8) Old regions: 8->8
[134.150s][info][gc,heap     ] GC(8) Humongous regions: 25->20
[134.150s][info][gc,metaspace] GC(8) Metaspace: 72461K(73024K)->72461K(73024K) NonClass: 64129K(64448K)->64129K(64448K) Class: 8332K(8576K)->8332K(8576K)
[134.150s][info][gc          ] GC(8) Pause Young (Normal) (G1 Evacuation Pause) 338M->55M(512M) 14.496ms
[134.150s][info][gc,cpu      ] GC(8) User=0.12s Sys=0.06s Real=0.02s
[324.630s][info][gc,heap,exit] Heap
[324.630s][info][gc,heap,exit]  garbage-first heap   total 524288K, used 309988K [0x0000000080000000, 0x0000000100000000)
[324.630s][info][gc,heap,exit]   region size 1024K, 273 young (279552K), 29 survivors (29696K)
[324.630s][info][gc,heap,exit]  Metaspace       used 72660K, committed 73216K, reserved 1114112K
[324.630s][info][gc,heap,exit]   class space    used 8338K, committed 8576K, reserved 1048576K
