[0.009s][info][gc,init] CardTable entry size: 512
[0.009s][info][gc     ] Using G1
[0.015s][info][gc,init] Version: 21.0.8+9-LTS (release)
[0.015s][info][gc,init] CPUs: 16 total, 16 available
[0.015s][info][gc,init] Memory: 16082M
[0.015s][info][gc,init] Large Page Support: Disabled
[0.015s][info][gc,init] NUMA Support: Disabled
[0.015s][info][gc,init] Compressed Oops: Enabled (32-bit)
[0.015s][info][gc,init] Heap Region Size: 1M
[0.015s][info][gc,init] Heap Min Capacity: 512M
[0.015s][info][gc,init] Heap Initial Capacity: 512M
[0.015s][info][gc,init] Heap Max Capacity: 2G
[0.015s][info][gc,init] Pre-touch: Disabled
[0.015s][info][gc,init] Parallel Workers: 13
[0.015s][info][gc,init] Concurrent Workers: 3
[0.015s][info][gc,init] Concurrent Refinement Workers: 13
[0.042s][info][gc,init] Periodic GC: Disabled
[0.058s][info][gc,metaspace] CDS archive(s) mapped at: [0x000001f5ba000000-0x000001f5bac80000-0x000001f5bac80000), size 13107200, SharedBaseAddress: 0x000001f5ba000000, ArchiveRelocationMode: 1.
[0.058s][info][gc,metaspace] Compressed class space mapped at: 0x000001f5bb000000-0x000001f5fb000000, reserved size: 1073741824
[0.058s][info][gc,metaspace] Narrow klass base: 0x000001f5ba000000, Narrow klass shift: 0, Narrow klass range: 0x100000000
[0.919s][info][gc,start    ] GC(0) Pause Young (Normal) (G1 Evacuation Pause)
[0.920s][info][gc,task     ] GC(0) Using 12 workers of 13 for evacuation
[0.925s][info][gc,phases   ] GC(0)   Pre Evacuate Collection Set: 0.1ms
[0.925s][info][gc,phases   ] GC(0)   Merge Heap Roots: 0.2ms
[0.925s][info][gc,phases   ] GC(0)   Evacuate Collection Set: 3.9ms
[0.925s][info][gc,phases   ] GC(0)   Post Evacuate Collection Set: 0.8ms
[0.925s][info][gc,phases   ] GC(0)   Other: 0.4ms
[0.925s][info][gc,heap     ] GC(0) Eden regions: 25->0(27)
[0.925s][info][gc,heap     ] GC(0) Survivor regions: 0->4(4)
[0.925s][info][gc,heap     ] GC(0) Old regions: 0->3
[0.925s][info][gc,heap     ] GC(0) Humongous regions: 1->1
[0.925s][info][gc,metaspace] GC(0) Metaspace: 14232K(14464K)->14232K(14464K) NonClass: 12526K(12672K)->12526K(12672K) Class: 1705K(1792K)->1705K(1792K)
[0.925s][info][gc          ] GC(0) Pause Young (Normal) (G1 Evacuation Pause) 26M->7M(512M) 5.797ms
[0.925s][info][gc,cpu      ] GC(0) User=0.03s Sys=0.00s Real=0.01s
[1.405s][info][gc,start    ] GC(1) Pause Young (Concurrent Start) (Metadata GC Threshold)
[1.406s][info][gc,task     ] GC(1) Using 12 workers of 13 for evacuation
[1.410s][info][gc,phases   ] GC(1)   Pre Evacuate Collection Set: 0.5ms
[1.410s][info][gc,phases   ] GC(1)   Merge Heap Roots: 0.2ms
[1.410s][info][gc,phases   ] GC(1)   Evacuate Collection Set: 2.6ms
[1.410s][info][gc,phases   ] GC(1)   Post Evacuate Collection Set: 0.9ms
[1.410s][info][gc,phases   ] GC(1)   Other: 0.2ms
[1.410s][info][gc,heap     ] GC(1) Eden regions: 22->0(55)
[1.410s][info][gc,heap     ] GC(1) Survivor regions: 4->2(4)
[1.410s][info][gc,heap     ] GC(1) Old regions: 3->7
[1.410s][info][gc,heap     ] GC(1) Humongous regions: 1->1
[1.410s][info][gc,metaspace] GC(1) Metaspace: 21232K(21504K)->21232K(21504K) NonClass: 18714K(18880K)->18714K(18880K) Class: 2517K(2624K)->2517K(2624K)
[1.410s][info][gc          ] GC(1) Pause Young (Concurrent Start) (Metadata GC Threshold) 29M->9M(512M) 4.693ms
[1.410s][info][gc,cpu      ] GC(1) User=0.02s Sys=0.02s Real=0.01s
[1.410s][info][gc          ] GC(2) Concurrent Mark Cycle
[1.410s][info][gc,marking  ] GC(2) Concurrent Scan Root Regions
[1.412s][info][gc,marking  ] GC(2) Concurrent Scan Root Regions 1.811ms
[1.412s][info][gc,marking  ] GC(2) Concurrent Mark
[1.412s][info][gc,marking  ] GC(2) Concurrent Mark From Roots
[1.412s][info][gc,task     ] GC(2) Using 3 workers of 3 for marking
[1.414s][info][gc,marking  ] GC(2) Concurrent Mark From Roots 1.553ms
[1.414s][info][gc,marking  ] GC(2) Concurrent Preclean
[1.414s][info][gc,marking  ] GC(2) Concurrent Preclean 0.009ms
[1.414s][info][gc,start    ] GC(2) Pause Remark
[1.416s][info][gc          ] GC(2) Pause Remark 10M->10M(512M) 1.845ms
[1.416s][info][gc,cpu      ] GC(2) User=0.00s Sys=0.00s Real=0.00s
[1.416s][info][gc,marking  ] GC(2) Concurrent Mark 3.705ms
[1.416s][info][gc,marking  ] GC(2) Concurrent Rebuild Remembered Sets and Scrub Regions
[1.416s][info][gc,marking  ] GC(2) Concurrent Rebuild Remembered Sets and Scrub Regions 0.618ms
[1.417s][info][gc,start    ] GC(2) Pause Cleanup
[1.417s][info][gc          ] GC(2) Pause Cleanup 10M->10M(512M) 0.037ms
[1.417s][info][gc,cpu      ] GC(2) User=0.00s Sys=0.00s Real=0.00s
[1.417s][info][gc,marking  ] GC(2) Concurrent Clear Claimed Marks
[1.417s][info][gc,marking  ] GC(2) Concurrent Clear Claimed Marks 0.029ms
[1.417s][info][gc,marking  ] GC(2) Concurrent Cleanup for Next Mark
[1.418s][info][gc,marking  ] GC(2) Concurrent Cleanup for Next Mark 1.461ms
[1.418s][info][gc          ] GC(2) Concurrent Mark Cycle 8.098ms
[2.884s][info][gc,start    ] GC(3) Pause Young (Normal) (G1 Evacuation Pause)
[2.884s][info][gc,task     ] GC(3) Using 12 workers of 13 for evacuation
[2.889s][info][gc,phases   ] GC(3)   Pre Evacuate Collection Set: 0.1ms
[2.889s][info][gc,phases   ] GC(3)   Merge Heap Roots: 0.1ms
[2.889s][info][gc,phases   ] GC(3)   Evacuate Collection Set: 3.9ms
[2.889s][info][gc,phases   ] GC(3)   Post Evacuate Collection Set: 0.6ms
[2.889s][info][gc,phases   ] GC(3)   Other: 0.1ms
[2.889s][info][gc,heap     ] GC(3) Eden regions: 55->0(226)
[2.889s][info][gc,heap     ] GC(3) Survivor regions: 2->7(8)
[2.889s][info][gc,heap     ] GC(3) Old regions: 7->7
[2.889s][info][gc,heap     ] GC(3) Humongous regions: 1->1
[2.889s][info][gc,metaspace] GC(3) Metaspace: 33484K(33856K)->33484K(33856K) NonClass: 29362K(29568K)->29362K(29568K) Class: 4121K(4288K)->4121K(4288K)
[2.889s][info][gc          ] GC(3) Pause Young (Normal) (G1 Evacuation Pause) 64M->14M(512M) 4.957ms
[2.889s][info][gc,cpu      ] GC(3) User=0.00s Sys=0.00s Real=0.01s
[3.135s][info][gc,start    ] GC(4) Pause Young (Concurrent Start) (Metadata GC Threshold)
[3.135s][info][gc,task     ] GC(4) Using 12 workers of 13 for evacuation
[3.140s][info][gc,phases   ] GC(4)   Pre Evacuate Collection Set: 0.2ms
[3.140s][info][gc,phases   ] GC(4)   Merge Heap Roots: 0.1ms
[3.140s][info][gc,phases   ] GC(4)   Evacuate Collection Set: 3.7ms
[3.140s][info][gc,phases   ] GC(4)   Post Evacuate Collection Set: 0.9ms
[3.140s][info][gc,phases   ] GC(4)   Other: 0.1ms
[3.140s][info][gc,heap     ] GC(4) Eden regions: 11->0(298)
[3.140s][info][gc,heap     ] GC(4) Survivor regions: 7->9(30)
[3.140s][info][gc,heap     ] GC(4) Old regions: 7->7
[3.140s][info][gc,heap     ] GC(4) Humongous regions: 1->1
[3.140s][info][gc,metaspace] GC(4) Metaspace: 35685K(35968K)->35685K(35968K) NonClass: 31348K(31488K)->31348K(31488K) Class: 4336K(4480K)->4336K(4480K)
[3.141s][info][gc          ] GC(4) Pause Young (Concurrent Start) (Metadata GC Threshold) 24M->16M(512M) 5.334ms
[3.141s][info][gc          ] GC(5) Concurrent Mark Cycle
[3.141s][info][gc,cpu      ] GC(4) User=0.00s Sys=0.00s Real=0.01s
[3.141s][info][gc,marking  ] GC(5) Concurrent Scan Root Regions
[3.143s][info][gc,marking  ] GC(5) Concurrent Scan Root Regions 2.163ms
[3.143s][info][gc,marking  ] GC(5) Concurrent Mark
[3.143s][info][gc,marking  ] GC(5) Concurrent Mark From Roots
[3.143s][info][gc,task     ] GC(5) Using 3 workers of 3 for marking
[3.146s][info][gc,marking  ] GC(5) Concurrent Mark From Roots 2.931ms
[3.146s][info][gc,marking  ] GC(5) Concurrent Preclean
[3.146s][info][gc,marking  ] GC(5) Concurrent Preclean 0.025ms
[3.146s][info][gc,start    ] GC(5) Pause Remark
[3.149s][info][gc          ] GC(5) Pause Remark 17M->17M(512M) 3.256ms
[3.149s][info][gc,cpu      ] GC(5) User=0.00s Sys=0.00s Real=0.00s
[3.149s][info][gc,marking  ] GC(5) Concurrent Mark 6.457ms
[3.149s][info][gc,marking  ] GC(5) Concurrent Rebuild Remembered Sets and Scrub Regions
[3.151s][info][gc,marking  ] GC(5) Concurrent Rebuild Remembered Sets and Scrub Regions 1.371ms
[3.151s][info][gc,start    ] GC(5) Pause Cleanup
[3.151s][info][gc          ] GC(5) Pause Cleanup 17M->17M(512M) 0.170ms
[3.151s][info][gc,cpu      ] GC(5) User=0.00s Sys=0.00s Real=0.00s
[3.151s][info][gc,marking  ] GC(5) Concurrent Clear Claimed Marks
[3.151s][info][gc,marking  ] GC(5) Concurrent Clear Claimed Marks 0.102ms
[3.151s][info][gc,marking  ] GC(5) Concurrent Cleanup for Next Mark
[3.153s][info][gc,marking  ] GC(5) Concurrent Cleanup for Next Mark 1.563ms
[3.153s][info][gc          ] GC(5) Concurrent Mark Cycle 12.501ms
[154.040s][info][gc,heap,exit] Heap
[154.040s][info][gc,heap,exit]  garbage-first heap   total 524288K, used 199443K [0x0000000080000000, 0x0000000100000000)
[154.040s][info][gc,heap,exit]   region size 1024K, 171 young (175104K), 9 survivors (9216K)
[154.040s][info][gc,heap,exit]  Metaspace       used 57882K, committed 58304K, reserved 1114112K
[154.040s][info][gc,heap,exit]   class space    used 6897K, committed 7104K, reserved 1048576K
