[0.014s][info][gc,init] CardTable entry size: 512
[0.014s][info][gc     ] Using G1
[0.017s][info][gc,init] Version: 21.0.8+9-LTS (release)
[0.017s][info][gc,init] CPUs: 16 total, 16 available
[0.017s][info][gc,init] Memory: 16082M
[0.017s][info][gc,init] Large Page Support: Disabled
[0.017s][info][gc,init] NUMA Support: Disabled
[0.017s][info][gc,init] Compressed Oops: Enabled (32-bit)
[0.017s][info][gc,init] Heap Region Size: 1M
[0.017s][info][gc,init] Heap Min Capacity: 512M
[0.017s][info][gc,init] Heap Initial Capacity: 512M
[0.017s][info][gc,init] Heap Max Capacity: 2G
[0.017s][info][gc,init] Pre-touch: Disabled
[0.017s][info][gc,init] Parallel Workers: 13
[0.017s][info][gc,init] Concurrent Workers: 3
[0.017s][info][gc,init] Concurrent Refinement Workers: 13
[0.018s][info][gc,init] Periodic GC: Disabled
[0.030s][info][gc,metaspace] CDS archive(s) mapped at: [0x00000236d0000000-0x00000236d0c80000-0x00000236d0c80000), size 13107200, SharedBaseAddress: 0x00000236d0000000, ArchiveRelocationMode: 1.
[0.030s][info][gc,metaspace] Compressed class space mapped at: 0x00000236d1000000-0x0000023711000000, reserved size: 1073741824
[0.030s][info][gc,metaspace] Narrow klass base: 0x00000236d0000000, Narrow klass shift: 0, Narrow klass range: 0x100000000
[0.892s][info][gc,start    ] GC(0) Pause Young (Normal) (G1 Evacuation Pause)
[0.893s][info][gc,task     ] GC(0) Using 12 workers of 13 for evacuation
[0.901s][info][gc,phases   ] GC(0)   Pre Evacuate Collection Set: 0.2ms
[0.901s][info][gc,phases   ] GC(0)   Merge Heap Roots: 0.2ms
[0.901s][info][gc,phases   ] GC(0)   Evacuate Collection Set: 6.7ms
[0.901s][info][gc,phases   ] GC(0)   Post Evacuate Collection Set: 1.3ms
[0.901s][info][gc,phases   ] GC(0)   Other: 0.7ms
[0.901s][info][gc,heap     ] GC(0) Eden regions: 25->0(27)
[0.901s][info][gc,heap     ] GC(0) Survivor regions: 0->4(4)
[0.901s][info][gc,heap     ] GC(0) Old regions: 0->3
[0.901s][info][gc,heap     ] GC(0) Humongous regions: 1->1
[0.901s][info][gc,metaspace] GC(0) Metaspace: 14225K(14464K)->14225K(14464K) NonClass: 12517K(12672K)->12517K(12672K) Class: 1707K(1792K)->1707K(1792K)
[0.901s][info][gc          ] GC(0) Pause Young (Normal) (G1 Evacuation Pause) 26M->7M(512M) 9.585ms
[0.902s][info][gc,cpu      ] GC(0) User=0.08s Sys=0.11s Real=0.01s
[1.528s][info][gc,start    ] GC(1) Pause Young (Concurrent Start) (Metadata GC Threshold)
[1.528s][info][gc,task     ] GC(1) Using 12 workers of 13 for evacuation
[1.534s][info][gc,phases   ] GC(1)   Pre Evacuate Collection Set: 0.9ms
[1.534s][info][gc,phases   ] GC(1)   Merge Heap Roots: 0.3ms
[1.534s][info][gc,phases   ] GC(1)   Evacuate Collection Set: 3.3ms
[1.534s][info][gc,phases   ] GC(1)   Post Evacuate Collection Set: 0.8ms
[1.534s][info][gc,phases   ] GC(1)   Other: 0.3ms
[1.534s][info][gc,heap     ] GC(1) Eden regions: 23->0(51)
[1.534s][info][gc,heap     ] GC(1) Survivor regions: 4->2(4)
[1.534s][info][gc,heap     ] GC(1) Old regions: 3->8
[1.534s][info][gc,heap     ] GC(1) Humongous regions: 1->1
[1.534s][info][gc,metaspace] GC(1) Metaspace: 21209K(21504K)->21209K(21504K) NonClass: 18691K(18880K)->18691K(18880K) Class: 2517K(2624K)->2517K(2624K)
[1.534s][info][gc          ] GC(1) Pause Young (Concurrent Start) (Metadata GC Threshold) 30M->9M(512M) 6.074ms
[1.534s][info][gc,cpu      ] GC(1) User=0.00s Sys=0.00s Real=0.01s
[1.534s][info][gc          ] GC(2) Concurrent Mark Cycle
[1.534s][info][gc,marking  ] GC(2) Concurrent Scan Root Regions
[1.535s][info][gc,marking  ] GC(2) Concurrent Scan Root Regions 1.199ms
[1.535s][info][gc,marking  ] GC(2) Concurrent Mark
[1.535s][info][gc,marking  ] GC(2) Concurrent Mark From Roots
[1.535s][info][gc,task     ] GC(2) Using 3 workers of 3 for marking
[1.537s][info][gc,marking  ] GC(2) Concurrent Mark From Roots 1.799ms
[1.537s][info][gc,marking  ] GC(2) Concurrent Preclean
[1.537s][info][gc,marking  ] GC(2) Concurrent Preclean 0.013ms
[1.537s][info][gc,start    ] GC(2) Pause Remark
[1.539s][info][gc          ] GC(2) Pause Remark 10M->10M(512M) 2.212ms
[1.539s][info][gc,cpu      ] GC(2) User=0.00s Sys=0.00s Real=0.00s
[1.539s][info][gc,marking  ] GC(2) Concurrent Mark 4.404ms
[1.540s][info][gc,marking  ] GC(2) Concurrent Rebuild Remembered Sets and Scrub Regions
[1.541s][info][gc,marking  ] GC(2) Concurrent Rebuild Remembered Sets and Scrub Regions 1.569ms
[1.541s][info][gc,start    ] GC(2) Pause Cleanup
[1.541s][info][gc          ] GC(2) Pause Cleanup 10M->10M(512M) 0.220ms
[1.541s][info][gc,cpu      ] GC(2) User=0.00s Sys=0.00s Real=0.00s
[1.542s][info][gc,marking  ] GC(2) Concurrent Clear Claimed Marks
[1.542s][info][gc,marking  ] GC(2) Concurrent Clear Claimed Marks 0.052ms
[1.542s][info][gc,marking  ] GC(2) Concurrent Cleanup for Next Mark
[1.544s][info][gc,marking  ] GC(2) Concurrent Cleanup for Next Mark 2.681ms
[1.545s][info][gc          ] GC(2) Concurrent Mark Cycle 10.786ms
[3.348s][info][gc,start    ] GC(3) Pause Young (Prepare Mixed) (G1 Evacuation Pause)
[3.348s][info][gc,task     ] GC(3) Using 12 workers of 13 for evacuation
[3.358s][info][gc,phases   ] GC(3)   Pre Evacuate Collection Set: 0.3ms
[3.358s][info][gc,phases   ] GC(3)   Merge Heap Roots: 0.1ms
[3.358s][info][gc,phases   ] GC(3)   Evacuate Collection Set: 7.8ms
[3.358s][info][gc,phases   ] GC(3)   Post Evacuate Collection Set: 1.1ms
[3.358s][info][gc,phases   ] GC(3)   Other: 0.1ms
[3.358s][info][gc,heap     ] GC(3) Eden regions: 51->0(193)
[3.358s][info][gc,heap     ] GC(3) Survivor regions: 2->7(7)
[3.358s][info][gc,heap     ] GC(3) Old regions: 8->8
[3.358s][info][gc,heap     ] GC(3) Humongous regions: 1->1
[3.358s][info][gc,metaspace] GC(3) Metaspace: 33394K(33792K)->33394K(33792K) NonClass: 29270K(29504K)->29270K(29504K) Class: 4124K(4288K)->4124K(4288K)
[3.358s][info][gc          ] GC(3) Pause Young (Prepare Mixed) (G1 Evacuation Pause) 60M->14M(512M) 9.679ms
[3.358s][info][gc,cpu      ] GC(3) User=0.06s Sys=0.00s Real=0.01s
[4.265s][info][gc,start    ] GC(4) Pause Young (Mixed) (Metadata GC Threshold)
[4.265s][info][gc,task     ] GC(4) Using 12 workers of 13 for evacuation
[4.277s][info][gc,phases   ] GC(4)   Pre Evacuate Collection Set: 0.5ms
[4.277s][info][gc,phases   ] GC(4)   Merge Heap Roots: 0.2ms
[4.277s][info][gc,phases   ] GC(4)   Evacuate Collection Set: 8.2ms
[4.277s][info][gc,phases   ] GC(4)   Post Evacuate Collection Set: 3.2ms
[4.277s][info][gc,phases   ] GC(4)   Other: 0.2ms
[4.277s][info][gc,heap     ] GC(4) Eden regions: 14->0(198)
[4.277s][info][gc,heap     ] GC(4) Survivor regions: 7->9(28)
[4.277s][info][gc,heap     ] GC(4) Old regions: 8->8
[4.277s][info][gc,heap     ] GC(4) Humongous regions: 1->1
[4.277s][info][gc,metaspace] GC(4) Metaspace: 35677K(35968K)->35677K(35968K) NonClass: 31337K(31488K)->31337K(31488K) Class: 4340K(4480K)->4340K(4480K)
[4.278s][info][gc          ] GC(4) Pause Young (Mixed) (Metadata GC Threshold) 28M->16M(512M) 12.923ms
[4.278s][info][gc,cpu      ] GC(4) User=0.05s Sys=0.02s Real=0.01s
[4.303s][info][gc,start    ] GC(5) Pause Young (Concurrent Start) (Metadata GC Threshold)
[4.303s][info][gc,task     ] GC(5) Using 12 workers of 13 for evacuation
[4.311s][info][gc,phases   ] GC(5)   Pre Evacuate Collection Set: 0.6ms
[4.312s][info][gc,phases   ] GC(5)   Merge Heap Roots: 0.2ms
[4.312s][info][gc,phases   ] GC(5)   Evacuate Collection Set: 5.4ms
[4.312s][info][gc,phases   ] GC(5)   Post Evacuate Collection Set: 1.4ms
[4.312s][info][gc,phases   ] GC(5)   Other: 0.3ms
[4.312s][info][gc,heap     ] GC(5) Eden regions: 1->0(299)
[4.312s][info][gc,heap     ] GC(5) Survivor regions: 9->8(29)
[4.312s][info][gc,heap     ] GC(5) Old regions: 8->8
[4.312s][info][gc,heap     ] GC(5) Humongous regions: 1->1
[4.312s][info][gc,metaspace] GC(5) Metaspace: 35956K(36288K)->35956K(36288K) NonClass: 31595K(31744K)->31595K(31744K) Class: 4360K(4544K)->4360K(4544K)
[4.312s][info][gc          ] GC(5) Pause Young (Concurrent Start) (Metadata GC Threshold) 17M->16M(512M) 9.004ms
[4.312s][info][gc,cpu      ] GC(5) User=0.00s Sys=0.00s Real=0.01s
[4.312s][info][gc          ] GC(6) Concurrent Mark Cycle
[4.313s][info][gc,marking  ] GC(6) Concurrent Scan Root Regions
[4.320s][info][gc,marking  ] GC(6) Concurrent Scan Root Regions 7.855ms
[4.321s][info][gc,marking  ] GC(6) Concurrent Mark
[4.321s][info][gc,marking  ] GC(6) Concurrent Mark From Roots
[4.321s][info][gc,task     ] GC(6) Using 3 workers of 3 for marking
[4.331s][info][gc,marking  ] GC(6) Concurrent Mark From Roots 10.516ms
[4.331s][info][gc,marking  ] GC(6) Concurrent Preclean
[4.332s][info][gc,marking  ] GC(6) Concurrent Preclean 0.290ms
[4.332s][info][gc,start    ] GC(6) Pause Remark
[4.339s][info][gc          ] GC(6) Pause Remark 17M->17M(512M) 6.215ms
[4.339s][info][gc,cpu      ] GC(6) User=0.02s Sys=0.02s Real=0.01s
[4.339s][info][gc,marking  ] GC(6) Concurrent Mark 18.076ms
[4.339s][info][gc,marking  ] GC(6) Concurrent Rebuild Remembered Sets and Scrub Regions
[4.344s][info][gc,marking  ] GC(6) Concurrent Rebuild Remembered Sets and Scrub Regions 4.879ms
[4.412s][info][gc,start    ] GC(6) Pause Cleanup
[4.412s][info][gc          ] GC(6) Pause Cleanup 17M->17M(512M) 0.706ms
[4.413s][info][gc,cpu      ] GC(6) User=0.02s Sys=0.00s Real=0.00s
[4.413s][info][gc,marking  ] GC(6) Concurrent Clear Claimed Marks
[4.413s][info][gc,marking  ] GC(6) Concurrent Clear Claimed Marks 0.124ms
[4.413s][info][gc,marking  ] GC(6) Concurrent Cleanup for Next Mark
[4.415s][info][gc,marking  ] GC(6) Concurrent Cleanup for Next Mark 2.321ms
[4.415s][info][gc          ] GC(6) Concurrent Mark Cycle 102.879ms
[52.607s][info][gc,start    ] GC(7) Pause Young (Prepare Mixed) (Metadata GC Threshold)
[52.607s][info][gc,task     ] GC(7) Using 12 workers of 13 for evacuation
[52.618s][info][gc,phases   ] GC(7)   Pre Evacuate Collection Set: 0.3ms
[52.618s][info][gc,phases   ] GC(7)   Merge Heap Roots: 0.2ms
[52.618s][info][gc,phases   ] GC(7)   Evacuate Collection Set: 8.6ms
[52.618s][info][gc,phases   ] GC(7)   Post Evacuate Collection Set: 1.8ms
[52.618s][info][gc,phases   ] GC(7)   Other: 0.1ms
[52.618s][info][gc,heap     ] GC(7) Eden regions: 173->0(288)
[52.618s][info][gc,heap     ] GC(7) Survivor regions: 8->19(39)
[52.618s][info][gc,heap     ] GC(7) Old regions: 8->8
[52.618s][info][gc,heap     ] GC(7) Humongous regions: 18->18
[52.618s][info][gc,metaspace] GC(7) Metaspace: 60181K(60608K)->60181K(60608K) NonClass: 52970K(53184K)->52970K(53184K) Class: 7211K(7424K)->7211K(7424K)
[52.618s][info][gc          ] GC(7) Pause Young (Prepare Mixed) (Metadata GC Threshold) 206M->44M(512M) 11.196ms
[52.618s][info][gc,cpu      ] GC(7) User=0.11s Sys=0.08s Real=0.01s
[52.648s][info][gc,start    ] GC(8) Pause Young (Mixed) (Metadata GC Threshold)
[52.648s][info][gc,task     ] GC(8) Using 12 workers of 13 for evacuation
[52.658s][info][gc,phases   ] GC(8)   Pre Evacuate Collection Set: 0.2ms
[52.658s][info][gc,phases   ] GC(8)   Merge Heap Roots: 0.1ms
[52.658s][info][gc,phases   ] GC(8)   Evacuate Collection Set: 7.4ms
[52.658s][info][gc,phases   ] GC(8)   Post Evacuate Collection Set: 1.7ms
[52.658s][info][gc,phases   ] GC(8)   Other: 0.1ms
[52.658s][info][gc,heap     ] GC(8) Eden regions: 5->0(287)
[52.658s][info][gc,heap     ] GC(8) Survivor regions: 19->20(39)
[52.658s][info][gc,heap     ] GC(8) Old regions: 8->8
[52.658s][info][gc,heap     ] GC(8) Humongous regions: 18->16
[52.658s][info][gc,metaspace] GC(8) Metaspace: 60553K(60928K)->60553K(60928K) NonClass: 53315K(53504K)->53315K(53504K) Class: 7237K(7424K)->7237K(7424K)
[52.658s][info][gc          ] GC(8) Pause Young (Mixed) (Metadata GC Threshold) 48M->42M(512M) 9.731ms
[52.658s][info][gc,cpu      ] GC(8) User=0.00s Sys=0.00s Real=0.01s
[52.683s][info][gc,start    ] GC(9) Pause Young (Concurrent Start) (Metadata GC Threshold)
[52.683s][info][gc,task     ] GC(9) Using 12 workers of 13 for evacuation
[52.693s][info][gc,phases   ] GC(9)   Pre Evacuate Collection Set: 0.2ms
[52.693s][info][gc,phases   ] GC(9)   Merge Heap Roots: 0.1ms
[52.693s][info][gc,phases   ] GC(9)   Evacuate Collection Set: 7.8ms
[52.693s][info][gc,phases   ] GC(9)   Post Evacuate Collection Set: 1.2ms
[52.693s][info][gc,phases   ] GC(9)   Other: 0.1ms
[52.693s][info][gc,heap     ] GC(9) Eden regions: 2->0(287)
[52.693s][info][gc,heap     ] GC(9) Survivor regions: 20->20(39)
[52.693s][info][gc,heap     ] GC(9) Old regions: 8->8
[52.693s][info][gc,heap     ] GC(9) Humongous regions: 16->16
[52.693s][info][gc,metaspace] GC(9) Metaspace: 60877K(61248K)->60877K(61248K) NonClass: 53638K(53824K)->53638K(53824K) Class: 7239K(7424K)->7239K(7424K)
[52.693s][info][gc          ] GC(9) Pause Young (Concurrent Start) (Metadata GC Threshold) 44M->42M(512M) 9.681ms
[52.693s][info][gc          ] GC(10) Concurrent Mark Cycle
[52.693s][info][gc,cpu      ] GC(9) User=0.06s Sys=0.00s Real=0.01s
[52.693s][info][gc,marking  ] GC(10) Concurrent Scan Root Regions
[52.697s][info][gc,marking  ] GC(10) Concurrent Scan Root Regions 4.173ms
[52.697s][info][gc,marking  ] GC(10) Concurrent Mark
[52.697s][info][gc,marking  ] GC(10) Concurrent Mark From Roots
[52.697s][info][gc,task     ] GC(10) Using 3 workers of 3 for marking
[52.701s][info][gc,marking  ] GC(10) Concurrent Mark From Roots 3.338ms
[52.701s][info][gc,marking  ] GC(10) Concurrent Preclean
[52.701s][info][gc,marking  ] GC(10) Concurrent Preclean 0.037ms
[52.701s][info][gc,start    ] GC(10) Pause Remark
[52.706s][info][gc          ] GC(10) Pause Remark 43M->43M(512M) 4.954ms
[52.706s][info][gc,cpu      ] GC(10) User=0.00s Sys=0.00s Real=0.00s
[52.706s][info][gc,marking  ] GC(10) Concurrent Mark 8.677ms
[52.706s][info][gc,marking  ] GC(10) Concurrent Rebuild Remembered Sets and Scrub Regions
[52.708s][info][gc,marking  ] GC(10) Concurrent Rebuild Remembered Sets and Scrub Regions 1.657ms
[52.708s][info][gc,start    ] GC(10) Pause Cleanup
[52.708s][info][gc          ] GC(10) Pause Cleanup 43M->43M(512M) 0.177ms
[52.708s][info][gc,cpu      ] GC(10) User=0.00s Sys=0.00s Real=0.00s
[52.708s][info][gc,marking  ] GC(10) Concurrent Clear Claimed Marks
[52.708s][info][gc,marking  ] GC(10) Concurrent Clear Claimed Marks 0.058ms
[52.708s][info][gc,marking  ] GC(10) Concurrent Cleanup for Next Mark
[52.710s][info][gc,marking  ] GC(10) Concurrent Cleanup for Next Mark 1.322ms
[52.710s][info][gc          ] GC(10) Concurrent Mark Cycle 16.483ms
[79.211s][info][gc,heap,exit] Heap
[79.211s][info][gc,heap,exit]  garbage-first heap   total 524288K, used 70240K [0x0000000080000000, 0x0000000100000000)
[79.211s][info][gc,heap,exit]   region size 1024K, 44 young (45056K), 20 survivors (20480K)
[79.211s][info][gc,heap,exit]  Metaspace       used 66509K, committed 67072K, reserved 1114112K
[79.211s][info][gc,heap,exit]   class space    used 7876K, committed 8128K, reserved 1048576K
