[0.011s][info][gc,init] CardTable entry size: 512
[0.011s][info][gc     ] Using G1
[0.016s][info][gc,init] Version: 21.0.8+9-LTS (release)
[0.016s][info][gc,init] CPUs: 16 total, 16 available
[0.016s][info][gc,init] Memory: 16082M
[0.016s][info][gc,init] Large Page Support: Disabled
[0.016s][info][gc,init] NUMA Support: Disabled
[0.016s][info][gc,init] Compressed Oops: Enabled (32-bit)
[0.016s][info][gc,init] Heap Region Size: 1M
[0.016s][info][gc,init] Heap Min Capacity: 512M
[0.016s][info][gc,init] Heap Initial Capacity: 512M
[0.016s][info][gc,init] Heap Max Capacity: 2G
[0.016s][info][gc,init] Pre-touch: Disabled
[0.016s][info][gc,init] Parallel Workers: 13
[0.016s][info][gc,init] Concurrent Workers: 3
[0.016s][info][gc,init] Concurrent Refinement Workers: 13
[0.045s][info][gc,init] Periodic GC: Disabled
[0.058s][info][gc,metaspace] CDS archive(s) mapped at: [0x0000027400000000-0x0000027400c80000-0x0000027400c80000), size 13107200, SharedBaseAddress: 0x0000027400000000, ArchiveRelocationMode: 1.
[0.058s][info][gc,metaspace] Compressed class space mapped at: 0x0000027401000000-0x0000027441000000, reserved size: 1073741824
[0.058s][info][gc,metaspace] Narrow klass base: 0x0000027400000000, Narrow klass shift: 0, Narrow klass range: 0x100000000
[0.836s][info][gc,start    ] GC(0) Pause Young (Normal) (G1 Evacuation Pause)
[0.837s][info][gc,task     ] GC(0) Using 12 workers of 13 for evacuation
[0.842s][info][gc,phases   ] GC(0)   Pre Evacuate Collection Set: 0.2ms
[0.842s][info][gc,phases   ] GC(0)   Merge Heap Roots: 0.2ms
[0.842s][info][gc,phases   ] GC(0)   Evacuate Collection Set: 3.6ms
[0.842s][info][gc,phases   ] GC(0)   Post Evacuate Collection Set: 0.6ms
[0.842s][info][gc,phases   ] GC(0)   Other: 0.9ms
[0.842s][info][gc,heap     ] GC(0) Eden regions: 25->0(28)
[0.842s][info][gc,heap     ] GC(0) Survivor regions: 0->4(4)
[0.842s][info][gc,heap     ] GC(0) Old regions: 0->4
[0.842s][info][gc,heap     ] GC(0) Humongous regions: 1->1
[0.842s][info][gc,metaspace] GC(0) Metaspace: 14280K(14592K)->14280K(14592K) NonClass: 12564K(12736K)->12564K(12736K) Class: 1716K(1856K)->1716K(1856K)
[0.842s][info][gc          ] GC(0) Pause Young (Normal) (G1 Evacuation Pause) 26M->8M(512M) 5.927ms
[0.842s][info][gc,cpu      ] GC(0) User=0.00s Sys=0.00s Real=0.01s
[1.357s][info][gc,start    ] GC(1) Pause Young (Concurrent Start) (Metadata GC Threshold)
[1.357s][info][gc,task     ] GC(1) Using 12 workers of 13 for evacuation
[1.362s][info][gc,phases   ] GC(1)   Pre Evacuate Collection Set: 0.5ms
[1.362s][info][gc,phases   ] GC(1)   Merge Heap Roots: 0.3ms
[1.362s][info][gc,phases   ] GC(1)   Evacuate Collection Set: 3.0ms
[1.362s][info][gc,phases   ] GC(1)   Post Evacuate Collection Set: 1.2ms
[1.362s][info][gc,phases   ] GC(1)   Other: 0.3ms
[1.362s][info][gc,heap     ] GC(1) Eden regions: 22->0(53)
[1.362s][info][gc,heap     ] GC(1) Survivor regions: 4->2(4)
[1.362s][info][gc,heap     ] GC(1) Old regions: 4->8
[1.362s][info][gc,heap     ] GC(1) Humongous regions: 1->1
[1.362s][info][gc,metaspace] GC(1) Metaspace: 21197K(21504K)->21197K(21504K) NonClass: 18678K(18816K)->18678K(18816K) Class: 2519K(2688K)->2519K(2688K)
[1.362s][info][gc          ] GC(1) Pause Young (Concurrent Start) (Metadata GC Threshold) 29M->9M(512M) 5.725ms
[1.363s][info][gc,cpu      ] GC(1) User=0.00s Sys=0.00s Real=0.00s
[1.363s][info][gc          ] GC(2) Concurrent Mark Cycle
[1.363s][info][gc,marking  ] GC(2) Concurrent Scan Root Regions
[1.366s][info][gc,marking  ] GC(2) Concurrent Scan Root Regions 3.119ms
[1.366s][info][gc,marking  ] GC(2) Concurrent Mark
[1.366s][info][gc,marking  ] GC(2) Concurrent Mark From Roots
[1.366s][info][gc,task     ] GC(2) Using 3 workers of 3 for marking
[1.369s][info][gc,marking  ] GC(2) Concurrent Mark From Roots 2.632ms
[1.369s][info][gc,marking  ] GC(2) Concurrent Preclean
[1.369s][info][gc,marking  ] GC(2) Concurrent Preclean 0.035ms
[1.369s][info][gc,start    ] GC(2) Pause Remark
[1.372s][info][gc          ] GC(2) Pause Remark 10M->10M(512M) 2.833ms
[1.372s][info][gc,cpu      ] GC(2) User=0.00s Sys=0.00s Real=0.00s
[1.372s][info][gc,marking  ] GC(2) Concurrent Mark 5.911ms
[1.372s][info][gc,marking  ] GC(2) Concurrent Rebuild Remembered Sets and Scrub Regions
[1.373s][info][gc,marking  ] GC(2) Concurrent Rebuild Remembered Sets and Scrub Regions 1.292ms
[1.373s][info][gc,start    ] GC(2) Pause Cleanup
[1.374s][info][gc          ] GC(2) Pause Cleanup 10M->10M(512M) 0.302ms
[1.374s][info][gc,cpu      ] GC(2) User=0.00s Sys=0.00s Real=0.00s
[1.374s][info][gc,marking  ] GC(2) Concurrent Clear Claimed Marks
[1.374s][info][gc,marking  ] GC(2) Concurrent Clear Claimed Marks 0.080ms
[1.374s][info][gc,marking  ] GC(2) Concurrent Cleanup for Next Mark
[1.375s][info][gc,marking  ] GC(2) Concurrent Cleanup for Next Mark 1.430ms
[1.375s][info][gc          ] GC(2) Concurrent Mark Cycle 12.911ms
[2.836s][info][gc,start    ] GC(3) Pause Young (Prepare Mixed) (G1 Evacuation Pause)
[2.836s][info][gc,task     ] GC(3) Using 12 workers of 13 for evacuation
[2.841s][info][gc,phases   ] GC(3)   Pre Evacuate Collection Set: 0.1ms
[2.841s][info][gc,phases   ] GC(3)   Merge Heap Roots: 0.1ms
[2.841s][info][gc,phases   ] GC(3)   Evacuate Collection Set: 4.2ms
[2.841s][info][gc,phases   ] GC(3)   Post Evacuate Collection Set: 0.7ms
[2.841s][info][gc,phases   ] GC(3)   Other: 0.1ms
[2.841s][info][gc,heap     ] GC(3) Eden regions: 54->0(208)
[2.841s][info][gc,heap     ] GC(3) Survivor regions: 2->7(7)
[2.841s][info][gc,heap     ] GC(3) Old regions: 8->8
[2.841s][info][gc,heap     ] GC(3) Humongous regions: 1->1
[2.841s][info][gc,metaspace] GC(3) Metaspace: 33454K(33792K)->33454K(33792K) NonClass: 29330K(29504K)->29330K(29504K) Class: 4123K(4288K)->4123K(4288K)
[2.841s][info][gc          ] GC(3) Pause Young (Prepare Mixed) (G1 Evacuation Pause) 63M->15M(512M) 5.402ms
[2.841s][info][gc,cpu      ] GC(3) User=0.00s Sys=0.00s Real=0.01s
[3.096s][info][gc,start    ] GC(4) Pause Young (Mixed) (Metadata GC Threshold)
[3.096s][info][gc,task     ] GC(4) Using 12 workers of 13 for evacuation
[3.100s][info][gc,phases   ] GC(4)   Pre Evacuate Collection Set: 0.1ms
[3.100s][info][gc,phases   ] GC(4)   Merge Heap Roots: 0.1ms
[3.100s][info][gc,phases   ] GC(4)   Evacuate Collection Set: 3.5ms
[3.100s][info][gc,phases   ] GC(4)   Post Evacuate Collection Set: 0.9ms
[3.101s][info][gc,phases   ] GC(4)   Other: 0.1ms
[3.101s][info][gc,heap     ] GC(4) Eden regions: 11->0(201)
[3.101s][info][gc,heap     ] GC(4) Survivor regions: 7->9(30)
[3.101s][info][gc,heap     ] GC(4) Old regions: 8->8
[3.101s][info][gc,heap     ] GC(4) Humongous regions: 1->1
[3.101s][info][gc,metaspace] GC(4) Metaspace: 35669K(35968K)->35669K(35968K) NonClass: 31331K(31488K)->31331K(31488K) Class: 4338K(4480K)->4338K(4480K)
[3.101s][info][gc          ] GC(4) Pause Young (Mixed) (Metadata GC Threshold) 26M->16M(512M) 4.908ms
[3.101s][info][gc,cpu      ] GC(4) User=0.09s Sys=0.12s Real=0.00s
[3.110s][info][gc,start    ] GC(5) Pause Young (Concurrent Start) (Metadata GC Threshold)
[3.110s][info][gc,task     ] GC(5) Using 12 workers of 13 for evacuation
[3.115s][info][gc,phases   ] GC(5)   Pre Evacuate Collection Set: 0.3ms
[3.115s][info][gc,phases   ] GC(5)   Merge Heap Roots: 0.2ms
[3.115s][info][gc,phases   ] GC(5)   Evacuate Collection Set: 3.7ms
[3.115s][info][gc,phases   ] GC(5)   Post Evacuate Collection Set: 0.8ms
[3.115s][info][gc,phases   ] GC(5)   Other: 0.1ms
[3.115s][info][gc,heap     ] GC(5) Eden regions: 1->0(299)
[3.115s][info][gc,heap     ] GC(5) Survivor regions: 9->8(29)
[3.115s][info][gc,heap     ] GC(5) Old regions: 8->8
[3.115s][info][gc,heap     ] GC(5) Humongous regions: 1->1
[3.115s][info][gc,metaspace] GC(5) Metaspace: 35950K(36288K)->35950K(36288K) NonClass: 31591K(31744K)->31591K(31744K) Class: 4359K(4544K)->4359K(4544K)
[3.115s][info][gc          ] GC(5) Pause Young (Concurrent Start) (Metadata GC Threshold) 17M->16M(512M) 5.393ms
[3.116s][info][gc          ] GC(6) Concurrent Mark Cycle
[3.116s][info][gc,cpu      ] GC(5) User=0.19s Sys=0.03s Real=0.01s
[3.116s][info][gc,marking  ] GC(6) Concurrent Scan Root Regions
[3.118s][info][gc,marking  ] GC(6) Concurrent Scan Root Regions 2.519ms
[3.118s][info][gc,marking  ] GC(6) Concurrent Mark
[3.118s][info][gc,marking  ] GC(6) Concurrent Mark From Roots
[3.118s][info][gc,task     ] GC(6) Using 3 workers of 3 for marking
[3.121s][info][gc,marking  ] GC(6) Concurrent Mark From Roots 2.821ms
[3.121s][info][gc,marking  ] GC(6) Concurrent Preclean
[3.121s][info][gc,marking  ] GC(6) Concurrent Preclean 0.030ms
[3.122s][info][gc,start    ] GC(6) Pause Remark
[3.126s][info][gc          ] GC(6) Pause Remark 17M->17M(512M) 3.717ms
[3.126s][info][gc,cpu      ] GC(6) User=0.00s Sys=0.00s Real=0.00s
[3.126s][info][gc,marking  ] GC(6) Concurrent Mark 7.656ms
[3.126s][info][gc,marking  ] GC(6) Concurrent Rebuild Remembered Sets and Scrub Regions
[3.128s][info][gc,marking  ] GC(6) Concurrent Rebuild Remembered Sets and Scrub Regions 1.802ms
[3.128s][info][gc,start    ] GC(6) Pause Cleanup
[3.128s][info][gc          ] GC(6) Pause Cleanup 17M->17M(512M) 0.172ms
[3.128s][info][gc,cpu      ] GC(6) User=0.02s Sys=0.00s Real=0.00s
[3.128s][info][gc,marking  ] GC(6) Concurrent Clear Claimed Marks
[3.128s][info][gc,marking  ] GC(6) Concurrent Clear Claimed Marks 0.035ms
[3.128s][info][gc,marking  ] GC(6) Concurrent Cleanup for Next Mark
[3.129s][info][gc,marking  ] GC(6) Concurrent Cleanup for Next Mark 1.213ms
[3.129s][info][gc          ] GC(6) Concurrent Mark Cycle 13.806ms
[20.260s][info][gc,start    ] GC(7) Pause Young (Prepare Mixed) (Metadata GC Threshold)
[20.260s][info][gc,task     ] GC(7) Using 12 workers of 13 for evacuation
[20.271s][info][gc,phases   ] GC(7)   Pre Evacuate Collection Set: 0.3ms
[20.271s][info][gc,phases   ] GC(7)   Merge Heap Roots: 0.1ms
[20.271s][info][gc,phases   ] GC(7)   Evacuate Collection Set: 8.9ms
[20.271s][info][gc,phases   ] GC(7)   Post Evacuate Collection Set: 1.6ms
[20.271s][info][gc,phases   ] GC(7)   Other: 0.1ms
[20.271s][info][gc,heap     ] GC(7) Eden regions: 170->0(288)
[20.271s][info][gc,heap     ] GC(7) Survivor regions: 8->19(39)
[20.271s][info][gc,heap     ] GC(7) Old regions: 8->8
[20.271s][info][gc,heap     ] GC(7) Humongous regions: 18->18
[20.271s][info][gc,metaspace] GC(7) Metaspace: 60197K(60608K)->60197K(60608K) NonClass: 52992K(53184K)->52992K(53184K) Class: 7204K(7424K)->7204K(7424K)
[20.271s][info][gc          ] GC(7) Pause Young (Prepare Mixed) (Metadata GC Threshold) 202M->43M(512M) 11.187ms
[20.271s][info][gc,cpu      ] GC(7) User=0.12s Sys=0.05s Real=0.01s
[20.304s][info][gc,start    ] GC(8) Pause Young (Mixed) (Metadata GC Threshold)
[20.304s][info][gc,task     ] GC(8) Using 12 workers of 13 for evacuation
[20.312s][info][gc,phases   ] GC(8)   Pre Evacuate Collection Set: 0.2ms
[20.312s][info][gc,phases   ] GC(8)   Merge Heap Roots: 0.2ms
[20.312s][info][gc,phases   ] GC(8)   Evacuate Collection Set: 7.5ms
[20.312s][info][gc,phases   ] GC(8)   Post Evacuate Collection Set: 0.8ms
[20.313s][info][gc,phases   ] GC(8)   Other: 0.0ms
[20.313s][info][gc,heap     ] GC(8) Eden regions: 5->0(288)
[20.313s][info][gc,heap     ] GC(8) Survivor regions: 19->19(39)
[20.313s][info][gc,heap     ] GC(8) Old regions: 8->7
[20.313s][info][gc,heap     ] GC(8) Humongous regions: 18->16
[20.313s][info][gc,metaspace] GC(8) Metaspace: 60530K(60928K)->60530K(60928K) NonClass: 53299K(53504K)->53299K(53504K) Class: 7230K(7424K)->7230K(7424K)
[20.313s][info][gc          ] GC(8) Pause Young (Mixed) (Metadata GC Threshold) 47M->41M(512M) 8.902ms
[20.313s][info][gc,cpu      ] GC(8) User=0.00s Sys=0.00s Real=0.01s
[20.322s][info][gc,start    ] GC(9) Pause Young (Concurrent Start) (Metadata GC Threshold)
[20.322s][info][gc,task     ] GC(9) Using 12 workers of 13 for evacuation
[20.332s][info][gc,phases   ] GC(9)   Pre Evacuate Collection Set: 0.4ms
[20.333s][info][gc,phases   ] GC(9)   Merge Heap Roots: 0.2ms
[20.333s][info][gc,phases   ] GC(9)   Evacuate Collection Set: 8.0ms
[20.333s][info][gc,phases   ] GC(9)   Post Evacuate Collection Set: 1.6ms
[20.333s][info][gc,phases   ] GC(9)   Other: 0.1ms
[20.333s][info][gc,heap     ] GC(9) Eden regions: 2->0(287)
[20.333s][info][gc,heap     ] GC(9) Survivor regions: 19->20(39)
[20.333s][info][gc,heap     ] GC(9) Old regions: 7->7
[20.333s][info][gc,heap     ] GC(9) Humongous regions: 16->16
[20.333s][info][gc,metaspace] GC(9) Metaspace: 60852K(61248K)->60852K(61248K) NonClass: 53620K(53824K)->53620K(53824K) Class: 7232K(7424K)->7232K(7424K)
[20.333s][info][gc          ] GC(9) Pause Young (Concurrent Start) (Metadata GC Threshold) 43M->42M(512M) 10.541ms
[20.333s][info][gc,cpu      ] GC(9) User=0.03s Sys=0.00s Real=0.01s
[20.333s][info][gc          ] GC(10) Concurrent Mark Cycle
[20.333s][info][gc,marking  ] GC(10) Concurrent Scan Root Regions
[20.338s][info][gc,marking  ] GC(10) Concurrent Scan Root Regions 5.361ms
[20.338s][info][gc,marking  ] GC(10) Concurrent Mark
[20.338s][info][gc,marking  ] GC(10) Concurrent Mark From Roots
[20.338s][info][gc,task     ] GC(10) Using 3 workers of 3 for marking
[20.341s][info][gc,marking  ] GC(10) Concurrent Mark From Roots 3.227ms
[20.341s][info][gc,marking  ] GC(10) Concurrent Preclean
[20.342s][info][gc,marking  ] GC(10) Concurrent Preclean 0.029ms
[20.355s][info][gc,start    ] GC(10) Pause Remark
[20.365s][info][gc          ] GC(10) Pause Remark 43M->43M(512M) 10.291ms
[20.365s][info][gc,cpu      ] GC(10) User=0.05s Sys=0.02s Real=0.01s
[20.365s][info][gc,marking  ] GC(10) Concurrent Mark 27.100ms
[20.365s][info][gc,marking  ] GC(10) Concurrent Rebuild Remembered Sets and Scrub Regions
[20.367s][info][gc,marking  ] GC(10) Concurrent Rebuild Remembered Sets and Scrub Regions 1.713ms
[20.367s][info][gc,start    ] GC(10) Pause Cleanup
[20.367s][info][gc          ] GC(10) Pause Cleanup 44M->44M(512M) 0.143ms
[20.367s][info][gc,cpu      ] GC(10) User=0.00s Sys=0.00s Real=0.00s
[20.367s][info][gc,marking  ] GC(10) Concurrent Clear Claimed Marks
[20.367s][info][gc,marking  ] GC(10) Concurrent Clear Claimed Marks 0.043ms
[20.367s][info][gc,marking  ] GC(10) Concurrent Cleanup for Next Mark
[20.368s][info][gc,marking  ] GC(10) Concurrent Cleanup for Next Mark 1.047ms
[20.368s][info][gc          ] GC(10) Concurrent Mark Cycle 35.668ms
[120.627s][info][gc,heap,exit] Heap
[120.627s][info][gc,heap,exit]  garbage-first heap   total 524288K, used 147854K [0x0000000080000000, 0x0000000100000000)
[120.627s][info][gc,heap,exit]   region size 1024K, 111 young (113664K), 20 survivors (20480K)
[120.627s][info][gc,heap,exit]  Metaspace       used 72573K, committed 73152K, reserved 1114112K
[120.627s][info][gc,heap,exit]   class space    used 8451K, committed 8704K, reserved 1048576K
