[0.018s][info][gc,init] CardTable entry size: 512
[0.018s][info][gc     ] Using G1
[0.021s][info][gc,init] Version: 21.0.8+9-LTS (release)
[0.021s][info][gc,init] CPUs: 16 total, 16 available
[0.021s][info][gc,init] Memory: 16082M
[0.021s][info][gc,init] Large Page Support: Disabled
[0.021s][info][gc,init] NUMA Support: Disabled
[0.021s][info][gc,init] Compressed Oops: Enabled (32-bit)
[0.021s][info][gc,init] Heap Region Size: 1M
[0.021s][info][gc,init] Heap Min Capacity: 512M
[0.021s][info][gc,init] Heap Initial Capacity: 512M
[0.021s][info][gc,init] Heap Max Capacity: 2G
[0.021s][info][gc,init] Pre-touch: Disabled
[0.021s][info][gc,init] Parallel Workers: 13
[0.021s][info][gc,init] Concurrent Workers: 3
[0.021s][info][gc,init] Concurrent Refinement Workers: 13
[0.046s][info][gc,init] Periodic GC: Disabled
[0.058s][info][gc,metaspace] CDS archive(s) mapped at: [0x000001ea80000000-0x000001ea80c80000-0x000001ea80c80000), size 13107200, SharedBaseAddress: 0x000001ea80000000, ArchiveRelocationMode: 1.
[0.058s][info][gc,metaspace] Compressed class space mapped at: 0x000001ea81000000-0x000001eac1000000, reserved size: 1073741824
[0.058s][info][gc,metaspace] Narrow klass base: 0x000001ea80000000, Narrow klass shift: 0, Narrow klass range: 0x100000000
[1.087s][info][gc,start    ] GC(0) Pause Young (Normal) (G1 Evacuation Pause)
[1.088s][info][gc,task     ] GC(0) Using 12 workers of 13 for evacuation
[1.093s][info][gc,phases   ] GC(0)   Pre Evacuate Collection Set: 0.2ms
[1.093s][info][gc,phases   ] GC(0)   Merge Heap Roots: 0.2ms
[1.093s][info][gc,phases   ] GC(0)   Evacuate Collection Set: 4.1ms
[1.093s][info][gc,phases   ] GC(0)   Post Evacuate Collection Set: 1.0ms
[1.093s][info][gc,phases   ] GC(0)   Other: 0.7ms
[1.093s][info][gc,heap     ] GC(0) Eden regions: 25->0(27)
[1.093s][info][gc,heap     ] GC(0) Survivor regions: 0->4(4)
[1.093s][info][gc,heap     ] GC(0) Old regions: 0->4
[1.093s][info][gc,heap     ] GC(0) Humongous regions: 1->1
[1.093s][info][gc,metaspace] GC(0) Metaspace: 14227K(14464K)->14227K(14464K) NonClass: 12521K(12672K)->12521K(12672K) Class: 1706K(1792K)->1706K(1792K)
[1.093s][info][gc          ] GC(0) Pause Young (Normal) (G1 Evacuation Pause) 26M->8M(512M) 6.498ms
[1.093s][info][gc,cpu      ] GC(0) User=0.03s Sys=0.00s Real=0.01s
[1.681s][info][gc,start    ] GC(1) Pause Young (Concurrent Start) (Metadata GC Threshold)
[1.681s][info][gc,task     ] GC(1) Using 12 workers of 13 for evacuation
[1.688s][info][gc,phases   ] GC(1)   Pre Evacuate Collection Set: 0.6ms
[1.688s][info][gc,phases   ] GC(1)   Merge Heap Roots: 0.2ms
[1.688s][info][gc,phases   ] GC(1)   Evacuate Collection Set: 5.2ms
[1.688s][info][gc,phases   ] GC(1)   Post Evacuate Collection Set: 0.8ms
[1.688s][info][gc,phases   ] GC(1)   Other: 0.2ms
[1.688s][info][gc,heap     ] GC(1) Eden regions: 23->0(52)
[1.688s][info][gc,heap     ] GC(1) Survivor regions: 4->2(4)
[1.688s][info][gc,heap     ] GC(1) Old regions: 4->8
[1.688s][info][gc,heap     ] GC(1) Humongous regions: 1->1
[1.688s][info][gc,metaspace] GC(1) Metaspace: 21196K(21504K)->21196K(21504K) NonClass: 18677K(18816K)->18677K(18816K) Class: 2519K(2688K)->2519K(2688K)
[1.688s][info][gc          ] GC(1) Pause Young (Concurrent Start) (Metadata GC Threshold) 30M->10M(512M) 7.367ms
[1.688s][info][gc          ] GC(2) Concurrent Mark Cycle
[1.688s][info][gc,cpu      ] GC(1) User=0.00s Sys=0.00s Real=0.01s
[1.688s][info][gc,marking  ] GC(2) Concurrent Scan Root Regions
[1.690s][info][gc,marking  ] GC(2) Concurrent Scan Root Regions 1.954ms
[1.690s][info][gc,marking  ] GC(2) Concurrent Mark
[1.690s][info][gc,marking  ] GC(2) Concurrent Mark From Roots
[1.690s][info][gc,task     ] GC(2) Using 3 workers of 3 for marking
[1.691s][info][gc,marking  ] GC(2) Concurrent Mark From Roots 1.386ms
[1.691s][info][gc,marking  ] GC(2) Concurrent Preclean
[1.691s][info][gc,marking  ] GC(2) Concurrent Preclean 0.025ms
[1.692s][info][gc,start    ] GC(2) Pause Remark
[1.694s][info][gc          ] GC(2) Pause Remark 10M->10M(512M) 2.026ms
[1.694s][info][gc,cpu      ] GC(2) User=0.00s Sys=0.00s Real=0.00s
[1.694s][info][gc,marking  ] GC(2) Concurrent Mark 3.730ms
[1.694s][info][gc,marking  ] GC(2) Concurrent Rebuild Remembered Sets and Scrub Regions
[1.695s][info][gc,marking  ] GC(2) Concurrent Rebuild Remembered Sets and Scrub Regions 1.332ms
[1.695s][info][gc,start    ] GC(2) Pause Cleanup
[1.696s][info][gc          ] GC(2) Pause Cleanup 10M->10M(512M) 0.186ms
[1.696s][info][gc,cpu      ] GC(2) User=0.00s Sys=0.00s Real=0.00s
[1.696s][info][gc,marking  ] GC(2) Concurrent Clear Claimed Marks
[1.696s][info][gc,marking  ] GC(2) Concurrent Clear Claimed Marks 0.070ms
[1.696s][info][gc,marking  ] GC(2) Concurrent Cleanup for Next Mark
[1.698s][info][gc,marking  ] GC(2) Concurrent Cleanup for Next Mark 2.200ms
[1.698s][info][gc          ] GC(2) Concurrent Mark Cycle 10.112ms
[3.468s][info][gc,start    ] GC(3) Pause Young (Prepare Mixed) (G1 Evacuation Pause)
[3.468s][info][gc,task     ] GC(3) Using 12 workers of 13 for evacuation
[3.484s][info][gc,phases   ] GC(3)   Pre Evacuate Collection Set: 0.2ms
[3.484s][info][gc,phases   ] GC(3)   Merge Heap Roots: 0.2ms
[3.484s][info][gc,phases   ] GC(3)   Evacuate Collection Set: 12.5ms
[3.484s][info][gc,phases   ] GC(3)   Post Evacuate Collection Set: 1.9ms
[3.484s][info][gc,phases   ] GC(3)   Other: 0.2ms
[3.484s][info][gc,heap     ] GC(3) Eden regions: 54->0(193)
[3.484s][info][gc,heap     ] GC(3) Survivor regions: 2->7(7)
[3.484s][info][gc,heap     ] GC(3) Old regions: 8->8
[3.484s][info][gc,heap     ] GC(3) Humongous regions: 1->1
[3.484s][info][gc,metaspace] GC(3) Metaspace: 33473K(33856K)->33473K(33856K) NonClass: 29350K(29568K)->29350K(29568K) Class: 4123K(4288K)->4123K(4288K)
[3.484s][info][gc          ] GC(3) Pause Young (Prepare Mixed) (G1 Evacuation Pause) 64M->15M(512M) 15.728ms
[3.484s][info][gc,cpu      ] GC(3) User=0.12s Sys=0.00s Real=0.02s
[4.341s][info][gc,start    ] GC(4) Pause Young (Mixed) (Metadata GC Threshold)
[4.342s][info][gc,task     ] GC(4) Using 12 workers of 13 for evacuation
[4.353s][info][gc,phases   ] GC(4)   Pre Evacuate Collection Set: 0.4ms
[4.353s][info][gc,phases   ] GC(4)   Merge Heap Roots: 0.1ms
[4.353s][info][gc,phases   ] GC(4)   Evacuate Collection Set: 8.2ms
[4.353s][info][gc,phases   ] GC(4)   Post Evacuate Collection Set: 2.4ms
[4.353s][info][gc,phases   ] GC(4)   Other: 0.3ms
[4.353s][info][gc,heap     ] GC(4) Eden regions: 11->0(183)
[4.353s][info][gc,heap     ] GC(4) Survivor regions: 7->9(28)
[4.353s][info][gc,heap     ] GC(4) Old regions: 8->8
[4.353s][info][gc,heap     ] GC(4) Humongous regions: 1->1
[4.353s][info][gc,metaspace] GC(4) Metaspace: 35664K(35968K)->35664K(35968K) NonClass: 31326K(31488K)->31326K(31488K) Class: 4338K(4480K)->4338K(4480K)
[4.353s][info][gc          ] GC(4) Pause Young (Mixed) (Metadata GC Threshold) 26M->16M(512M) 12.060ms
[4.353s][info][gc,cpu      ] GC(4) User=0.06s Sys=0.00s Real=0.01s
[4.381s][info][gc,start    ] GC(5) Pause Young (Concurrent Start) (Metadata GC Threshold)
[4.381s][info][gc,task     ] GC(5) Using 12 workers of 13 for evacuation
[4.393s][info][gc,phases   ] GC(5)   Pre Evacuate Collection Set: 0.4ms
[4.393s][info][gc,phases   ] GC(5)   Merge Heap Roots: 0.1ms
[4.393s][info][gc,phases   ] GC(5)   Evacuate Collection Set: 9.8ms
[4.393s][info][gc,phases   ] GC(5)   Post Evacuate Collection Set: 1.1ms
[4.393s][info][gc,phases   ] GC(5)   Other: 0.3ms
[4.393s][info][gc,heap     ] GC(5) Eden regions: 1->0(299)
[4.393s][info][gc,heap     ] GC(5) Survivor regions: 9->8(27)
[4.393s][info][gc,heap     ] GC(5) Old regions: 8->8
[4.393s][info][gc,heap     ] GC(5) Humongous regions: 1->1
[4.393s][info][gc,metaspace] GC(5) Metaspace: 35952K(36288K)->35952K(36288K) NonClass: 31591K(31744K)->31591K(31744K) Class: 4360K(4544K)->4360K(4544K)
[4.393s][info][gc          ] GC(5) Pause Young (Concurrent Start) (Metadata GC Threshold) 17M->16M(512M) 12.387ms
[4.393s][info][gc          ] GC(6) Concurrent Mark Cycle
[4.393s][info][gc,cpu      ] GC(5) User=0.14s Sys=0.06s Real=0.01s
[4.393s][info][gc,marking  ] GC(6) Concurrent Scan Root Regions
[4.397s][info][gc,marking  ] GC(6) Concurrent Scan Root Regions 3.632ms
[4.397s][info][gc,marking  ] GC(6) Concurrent Mark
[4.397s][info][gc,marking  ] GC(6) Concurrent Mark From Roots
[4.397s][info][gc,task     ] GC(6) Using 3 workers of 3 for marking
[4.406s][info][gc,marking  ] GC(6) Concurrent Mark From Roots 9.200ms
[4.407s][info][gc,marking  ] GC(6) Concurrent Preclean
[4.407s][info][gc,marking  ] GC(6) Concurrent Preclean 0.219ms
[4.407s][info][gc,start    ] GC(6) Pause Remark
[4.413s][info][gc          ] GC(6) Pause Remark 17M->17M(512M) 6.239ms
[4.413s][info][gc,cpu      ] GC(6) User=0.00s Sys=0.00s Real=0.01s
[4.414s][info][gc,marking  ] GC(6) Concurrent Mark 16.365ms
[4.414s][info][gc,marking  ] GC(6) Concurrent Rebuild Remembered Sets and Scrub Regions
[4.417s][info][gc,marking  ] GC(6) Concurrent Rebuild Remembered Sets and Scrub Regions 3.030ms
[4.417s][info][gc,start    ] GC(6) Pause Cleanup
[4.417s][info][gc          ] GC(6) Pause Cleanup 17M->17M(512M) 0.350ms
[4.417s][info][gc,cpu      ] GC(6) User=0.00s Sys=0.00s Real=0.00s
[4.418s][info][gc,marking  ] GC(6) Concurrent Clear Claimed Marks
[4.418s][info][gc,marking  ] GC(6) Concurrent Clear Claimed Marks 0.109ms
[4.418s][info][gc,marking  ] GC(6) Concurrent Cleanup for Next Mark
[4.422s][info][gc,marking  ] GC(6) Concurrent Cleanup for Next Mark 4.412ms
[4.423s][info][gc          ] GC(6) Concurrent Mark Cycle 29.163ms
[25.725s][info][gc,heap,exit] Heap
[25.725s][info][gc,heap,exit]  garbage-first heap   total 524288K, used 186328K [0x0000000080000000, 0x0000000100000000)
[25.725s][info][gc,heap,exit]   region size 1024K, 158 young (161792K), 8 survivors (8192K)
[25.726s][info][gc,heap,exit]  Metaspace       used 55995K, committed 56384K, reserved 1114112K
[25.726s][info][gc,heap,exit]   class space    used 6742K, committed 6912K, reserved 1048576K
